<svg class="svg-symbol svg-comment-bubble" viewBox="0 0 512 512" role="img" width="512" height="512"><use xlink:href="#svg-flatten-comment-bubble" width="512" height="512"></use></svg>