<svg class="svg-symbol svg-comment-bubble" viewBox="0 0 512 512" role="img" style="display: none" width="512" height="512"><use xlink:href="#svg-flatten-comment-bubble" width="512" height="512"></use><title>test</title></svg>