<svg class="svg-symbol svg-sub-folder-test" viewBox="0 0 512 512" role="img" width="200px" height="200.0px"><use xlink:href="#svg-sub-folder-test" width="512" height="512"></use></svg>